  % Total    % Received % Xferd  Average Speed   Time    Time     Time  Current
                                 Dload  Upload   Total   Spent    Left  Speed
  0     0    0     0    0     0      0      0 --:--:-- --:--:-- --:--:--     0100   238  100    21  100   217    229   2369 --:--:-- --:--:-- --:--:--  2615
Internal Server Error